=== downloading 25 parts (~83 GB) to /dtu/blackhole/0a/224426/imagecas_raw/archives ===
  get  1-200.change2zip
Dataset URL: https://www.kaggle.com/datasets/xiaoweixumedicalai/imagecas
License(s): Attribution-NonCommercial 4.0 International (CC BY-NC 4.0)
Downloading 1-200.change2zip.zip to /dtu/blackhole/0a/224426/imagecas_raw/archives

  get  1-200.z01
Dataset URL: https://www.kaggle.com/datasets/xiaoweixumedicalai/imagecas
License(s): Attribution-NonCommercial 4.0 International (CC BY-NC 4.0)
Downloading 1-200.z01.zip to /dtu/blackhole/0a/224426/imagecas_raw/archives

  get  1-200.z02
Dataset URL: https://www.kaggle.com/datasets/xiaoweixumedicalai/imagecas
License(s): Attribution-NonCommercial 4.0 International (CC BY-NC 4.0)
Downloading 1-200.z02.zip to /dtu/blackhole/0a/224426/imagecas_raw/archives

  get  1-200.z03
Dataset URL: https://www.kaggle.com/datasets/xiaoweixumedicalai/imagecas
License(s): Attribution-NonCommercial 4.0 International (CC BY-NC 4.0)
Downloading 1-200.z03.zip to /dtu/blackhole/0a/224426/imagecas_raw/archives

  get  1-200.z04
Dataset URL: https://www.kaggle.com/datasets/xiaoweixumedicalai/imagecas
License(s): Attribution-NonCommercial 4.0 International (CC BY-NC 4.0)
Downloading 1-200.z04.zip to /dtu/blackhole/0a/224426/imagecas_raw/archives

  get  201-400.change2zip
Dataset URL: https://www.kaggle.com/datasets/xiaoweixumedicalai/imagecas
License(s): Attribution-NonCommercial 4.0 International (CC BY-NC 4.0)
Downloading 201-400.change2zip.zip to /dtu/blackhole/0a/224426/imagecas_raw/archives

  get  201-400.z01
Dataset URL: https://www.kaggle.com/datasets/xiaoweixumedicalai/imagecas
License(s): Attribution-NonCommercial 4.0 International (CC BY-NC 4.0)
Downloading 201-400.z01.zip to /dtu/blackhole/0a/224426/imagecas_raw/archives

  get  201-400.z02
Dataset URL: https://www.kaggle.com/datasets/xiaoweixumedicalai/imagecas
License(s): Attribution-NonCommercial 4.0 International (CC BY-NC 4.0)
Downloading 201-400.z02.zip to /dtu/blackhole/0a/224426/imagecas_raw/archives

  get  201-400.z03
Dataset URL: https://www.kaggle.com/datasets/xiaoweixumedicalai/imagecas
License(s): Attribution-NonCommercial 4.0 International (CC BY-NC 4.0)
Downloading 201-400.z03.zip to /dtu/blackhole/0a/224426/imagecas_raw/archives

  get  201-400.z04
Dataset URL: https://www.kaggle.com/datasets/xiaoweixumedicalai/imagecas
License(s): Attribution-NonCommercial 4.0 International (CC BY-NC 4.0)
Downloading 201-400.z04.zip to /dtu/blackhole/0a/224426/imagecas_raw/archives

  get  401-600.change2zip
Dataset URL: https://www.kaggle.com/datasets/xiaoweixumedicalai/imagecas
License(s): Attribution-NonCommercial 4.0 International (CC BY-NC 4.0)
Downloading 401-600.change2zip.zip to /dtu/blackhole/0a/224426/imagecas_raw/archives

  get  401-600.z01
Dataset URL: https://www.kaggle.com/datasets/xiaoweixumedicalai/imagecas
License(s): Attribution-NonCommercial 4.0 International (CC BY-NC 4.0)
Downloading 401-600.z01.zip to /dtu/blackhole/0a/224426/imagecas_raw/archives

  get  401-600.z02
Dataset URL: https://www.kaggle.com/datasets/xiaoweixumedicalai/imagecas
License(s): Attribution-NonCommercial 4.0 International (CC BY-NC 4.0)
Downloading 401-600.z02.zip to /dtu/blackhole/0a/224426/imagecas_raw/archives

  get  401-600.z03
Dataset URL: https://www.kaggle.com/datasets/xiaoweixumedicalai/imagecas
License(s): Attribution-NonCommercial 4.0 International (CC BY-NC 4.0)
Downloading 401-600.z03.zip to /dtu/blackhole/0a/224426/imagecas_raw/archives

  get  401-600.z04
Dataset URL: https://www.kaggle.com/datasets/xiaoweixumedicalai/imagecas
License(s): Attribution-NonCommercial 4.0 International (CC BY-NC 4.0)
Downloading 401-600.z04.zip to /dtu/blackhole/0a/224426/imagecas_raw/archives

  get  601-800.change2zip
Dataset URL: https://www.kaggle.com/datasets/xiaoweixumedicalai/imagecas
License(s): Attribution-NonCommercial 4.0 International (CC BY-NC 4.0)
Downloading 601-800.change2zip.zip to /dtu/blackhole/0a/224426/imagecas_raw/archives

  get  601-800.z01
Dataset URL: https://www.kaggle.com/datasets/xiaoweixumedicalai/imagecas
License(s): Attribution-NonCommercial 4.0 International (CC BY-NC 4.0)
Downloading 601-800.z01.zip to /dtu/blackhole/0a/224426/imagecas_raw/archives

  get  601-800.z02
Dataset URL: https://www.kaggle.com/datasets/xiaoweixumedicalai/imagecas
License(s): Attribution-NonCommercial 4.0 International (CC BY-NC 4.0)
Downloading 601-800.z02.zip to /dtu/blackhole/0a/224426/imagecas_raw/archives

  get  601-800.z03
Dataset URL: https://www.kaggle.com/datasets/xiaoweixumedicalai/imagecas
License(s): Attribution-NonCommercial 4.0 International (CC BY-NC 4.0)
Downloading 601-800.z03.zip to /dtu/blackhole/0a/224426/imagecas_raw/archives

  get  601-800.z04
Dataset URL: https://www.kaggle.com/datasets/xiaoweixumedicalai/imagecas
License(s): Attribution-NonCommercial 4.0 International (CC BY-NC 4.0)
Downloading 601-800.z04.zip to /dtu/blackhole/0a/224426/imagecas_raw/archives

  get  801-1000.change2zip
Dataset URL: https://www.kaggle.com/datasets/xiaoweixumedicalai/imagecas
License(s): Attribution-NonCommercial 4.0 International (CC BY-NC 4.0)
Downloading 801-1000.change2zip.zip to /dtu/blackhole/0a/224426/imagecas_raw/archives

  get  801-1000.z01
Dataset URL: https://www.kaggle.com/datasets/xiaoweixumedicalai/imagecas
License(s): Attribution-NonCommercial 4.0 International (CC BY-NC 4.0)
Downloading 801-1000.z01.zip to /dtu/blackhole/0a/224426/imagecas_raw/archives

  get  801-1000.z02
Dataset URL: https://www.kaggle.com/datasets/xiaoweixumedicalai/imagecas
License(s): Attribution-NonCommercial 4.0 International (CC BY-NC 4.0)
Downloading 801-1000.z02.zip to /dtu/blackhole/0a/224426/imagecas_raw/archives

  get  801-1000.z03
Dataset URL: https://www.kaggle.com/datasets/xiaoweixumedicalai/imagecas
License(s): Attribution-NonCommercial 4.0 International (CC BY-NC 4.0)
Downloading 801-1000.z03.zip to /dtu/blackhole/0a/224426/imagecas_raw/archives

  get  801-1000.z04
Dataset URL: https://www.kaggle.com/datasets/xiaoweixumedicalai/imagecas
License(s): Attribution-NonCommercial 4.0 International (CC BY-NC 4.0)
Downloading 801-1000.z04.zip to /dtu/blackhole/0a/224426/imagecas_raw/archives

Dataset URL: https://www.kaggle.com/datasets/xiaoweixumedicalai/imagecas
License(s): Attribution-NonCommercial 4.0 International (CC BY-NC 4.0)
Downloading imageCAS_data_split.xlsx to /dtu/blackhole/0a/224426/imagecas_raw

=== renaming final segments .change2zip -> .zip ===
  1-200.change2zip -> 1-200.zip
  201-400.change2zip -> 201-400.zip
  401-600.change2zip -> 401-600.zip
  601-800.change2zip -> 601-800.zip
  801-1000.change2zip -> 801-1000.zip
=== extracting ===
--- 1-200 ---
  extracted 1-200
--- 201-400 ---
  extracted 201-400
--- 401-600 ---
  extracted 401-600
--- 601-800 ---
  extracted 601-800
--- 801-1000 ---
  extracted 801-1000
=== what landed ===
2000
/dtu/blackhole/0a/224426/imagecas_raw/extracted/1-200/1.img.nii.gz
/dtu/blackhole/0a/224426/imagecas_raw/extracted/1-200/1.label.nii.gz
/dtu/blackhole/0a/224426/imagecas_raw/extracted/1-200/10.img.nii.gz
/dtu/blackhole/0a/224426/imagecas_raw/extracted/1-200/10.label.nii.gz
/dtu/blackhole/0a/224426/imagecas_raw/extracted/1-200/100.img.nii.gz
86G	/dtu/blackhole/0a/224426/imagecas_raw/extracted
83G	/dtu/blackhole/0a/224426/imagecas_raw/archives

------------------------------------------------------------
Sender: LSF System <lsfadmin@hpc.dtu.dk>
Subject: Job 29270058: <imagecas_dl> in cluster <dcc> Done

Job <imagecas_dl> was submitted from host <hpclogin1> by user <s254124> in cluster <dcc> at Sat Aug 29 21:38:02 2026
Job was executed on host(s) <4*n-62-28-28>, in queue <hpc>, as user <s254124> in cluster <dcc> at Sat Aug 29 21:38:03 2026
</zhome/e2/6/224426> was used as the home directory.
</zhome/e2/6/224426/project/ImageCAS-X> was used as the working directory.
Started at Sat Aug 29 21:38:03 2026
Terminated at Sat Aug 29 22:49:33 2026
Results reported at Sat Aug 29 22:49:33 2026

Your job looked like:

------------------------------------------------------------
# LSBATCH: User input
#!/bin/sh

#BSUB -q hpc
#BSUB -J imagecas_dl
#BSUB -n 4
#BSUB -R "span[hosts=1]"
#BSUB -R "rusage[mem=8GB]"
#BSUB -W 24:00
#BSUB -o logs/download_%J.out
#BSUB -e logs/download_%J.err

# Step 1: fetch the base ImageCAS CTA volumes (Zeng et al., arXiv:2211.01607).
# The ImageCAS-X labels we already hold are an extension of this cohort: same 1000
# case ids, same geometry. Licence: CC BY-NC 4.0 (non-commercial) -- fine for thesis
# work, cite the ImageCAS paper alongside ImageCAS-X.
#
# The dataset is NOT plain zips. It is five split (multi-volume) zip archives of
# ~18 GB each, and the final segment of each -- the one carrying the central
# directory -- was uploaded as `.change2zip` because Kaggle would not take a second
# `.zip`. So: download all 25 parts, rename `.change2zip` -> `.zip`, then extract.
# Info-ZIP's unzip cannot read split archives at all; 7za can, without first having
# to concatenate them into a second 18 GB file.
#
# Idempotent: parts already present at their expected size are skipped, so this can
# be resubmitted after a walltime kill and will pick up where it left off.
#
#   bsub < jobs/download_imagecas.sh

set -u

cd /zhome/e2/6/224426/project/ImageCAS-X
. ./env.sh

SLUG=xiaoweixumedicalai/imagecas
RAW=/dtu/blackhole/0a/224426/imagecas_raw
ZIPS="$RAW/archives"
EXTRACT="$RAW/extracted"
mkdir -p "$ZIPS" "$EXTRACT"

# name:expected_bytes, from `kaggle datasets files`. Sizes are checked so a truncated
# transfer is retried rather than silently feeding a corrupt archive to the extractor.
MANIFEST="
1-200.change2zip:807139732
1-200.z01:4293918720
1-200.z02:4293918720
1-200.z03:4293918720
1-200.z04:4293918720
201-400.change2zip:705922295
201-400.z01:4293918720
201-400.z02:4293918720

(... more ...)
------------------------------------------------------------

Successfully completed.

Resource usage summary:

    CPU time :                                   1380.20 sec.
    Max Memory :                                 365 MB
    Average Memory :                             234.30 MB
    Total Requested Memory :                     32768.00 MB
    Delta Memory :                               32403.00 MB
    Max Swap :                                   -
    Max Processes :                              4
    Max Threads :                                6
    Run time :                                   4290 sec.
    Turnaround time :                            4291 sec.

The output (if any) is above this job summary.



PS:

Read file <logs/download_29270058.err> for stderr output of this job.

