=== code: cca5117-dirty ===
=== 1/3 radius cache for the 800 GT cases ===
800 cases, 299 already cached, 501 to do
  50/501  (27s)
  100/501  (51s)
  150/501  (76s)
  200/501  (100s)
  250/501  (124s)
  300/501  (149s)
  350/501  (173s)
  400/501  (199s)
  450/501  (223s)
  500/501  (248s)
done in 248s; 0 failed
=== 2/3 GT bifurcation angles ===
800 cases, 5310 bifurcation rows, in 14.1s (gt_core1_win3, code cca5117be910-dirty)

Named bifurcations, over 800 cases:
               n  missing   median               IQR
  LM         788       12     77.2   [64.4, 93.0]
  LAD-D1     787       13     58.5   [48.3, 68.0]
  LAD-D2     475      325     62.1   [52.3, 74.2]
  LCX-OM1    694      106     60.6   [49.3, 75.8]
  CRUX       771       29     58.0   [48.4, 71.7]

Missing-value reasons:
  LM        15  parent: fewer than 3 points in the 3 mm past the core
  LM        11  no LM bifurcation (absent left main)
  LM         1  LAD and LCX are in disconnected parts of the tree
  LAD-D1    13  no D1 arising from the LAD
  LAD-D1     4  parent: fewer than 3 points in the 3 mm past the core
  LAD-D1     1  parent: vessel ends inside the bifurcation core
  LAD-D2   325  no D2 arising from the LAD
  LCX-OM1  106  no OM1 arising from the LCX
  LCX-OM1    9  parent: fewer than 3 points in the 3 mm past the core
  LCX-OM1    3  parent: vessel ends inside the bifurcation core
  CRUX      14  right: no R-PDA in the tree; left: no L-PDA in the tree
  CRUX       7  right: no R-PLA in the tree; left: no L-PDA in the tree
  CRUX       4  right: no R-PDA in the tree; left: no L-PLA in the tree
  CRUX       2  right: 2 R-PDA/R-PLA pairs at generation 1; left: no L-PDA in the tree
  CRUX       1  right: no R-PLA in the tree; left: no L-PLA in the tree
  CRUX       1  right: no R-PDA in the tree; left: 2 L-PDA and 1 L-PLA vessels with no shared origin

                         n    angle   theta_main   theta_side
  thin side (<0.4)      53     60.3         17.8         47.7
  mixed (0.4-0.7)     1332     59.9         22.8         44.2
  symmetric (>=0.7)   3303     62.8         30.5         38.9

Wrote /dtu/blackhole/0a/224426/imagecasx_derived/bifurcation_angles/gt_core1_win3/bifurcation_angles.csv
      /dtu/blackhole/0a/224426/imagecasx_derived/bifurcation_angles/gt_core1_win3/bifurcation_angles.json
=== 3/3 direction sensitivity on GT ===

LCX-OM1  (n = 694)
  median angle:  core0.5_win2=77.1  core0.5_win3=69.2  core0.5_win5=59.0  core1_win2=67.2  core1_win3=60.6  core1_win5=53.9  core1.5_win2=59.5  core1.5_win3=55.3  core1.5_win5=51.8
  old secant:    secant1.5=93.2  secant3=79.1  secant5=66.7
  radius ratio:  core0.5_win2_ratio=0.80  core0.5_win3_ratio=0.77  core0.5_win5_ratio=0.76  core1_win2_ratio=0.76  core1_win3_ratio=0.76  core1_win5_ratio=0.75  core1.5_win2_ratio=0.75  core1.5_win3_ratio=0.74  core1.5_win5_ratio=0.74
  per-case spread across settings: radius-aware median 25.1, 90th 44.2  |  secant median 25.5, 90th 41.0

LM  (n = 788)
  median angle:  core0.5_win2=86.3  core0.5_win3=82.6  core0.5_win5=77.5  core1_win2=80.1  core1_win3=77.2  core1_win5=74.8  core1.5_win2=75.1  core1.5_win3=74.4  core1.5_win5=73.4
  old secant:    secant1.5=98.5  secant3=89.3  secant5=81.9
  radius ratio:  core0.5_win2_ratio=0.88  core0.5_win3_ratio=0.87  core0.5_win5_ratio=0.86  core1_win2_ratio=0.86  core1_win3_ratio=0.87  core1_win5_ratio=0.84  core1.5_win2_ratio=0.85  core1.5_win3_ratio=0.84  core1.5_win5_ratio=0.84
  per-case spread across settings: radius-aware median 21.1, 90th 37.7  |  secant median 15.4, 90th 30.5

LAD-D1  (n = 787)
  median angle:  core0.5_win2=76.9  core0.5_win3=68.0  core0.5_win5=56.1  core1_win2=65.9  core1_win3=58.5  core1_win5=50.0  core1.5_win2=56.6  core1.5_win3=51.4  core1.5_win5=46.0
  old secant:    secant1.5=92.8  secant3=78.8  secant5=65.3
  radius ratio:  core0.5_win2_ratio=0.75  core0.5_win3_ratio=0.73  core0.5_win5_ratio=0.69  core1_win2_ratio=0.70  core1_win3_ratio=0.69  core1_win5_ratio=0.67  core1.5_win2_ratio=0.68  core1.5_win3_ratio=0.67  core1.5_win5_ratio=0.66
  per-case spread across settings: radius-aware median 31.8, 90th 48.0  |  secant median 26.8, 90th 41.0

LAD-D2  (n = 475)
  median angle:  core0.5_win2=77.1  core0.5_win3=69.9  core0.5_win5=59.4  core1_win2=69.0  core1_win3=62.1  core1_win5=55.0  core1.5_win2=61.0  core1.5_win3=56.1  core1.5_win5=51.5
  old secant:    secant1.5=92.2  secant3=78.5  secant5=66.9
  radius ratio:  core0.5_win2_ratio=0.78  core0.5_win3_ratio=0.78  core0.5_win5_ratio=0.76  core1_win2_ratio=0.77  core1_win3_ratio=0.77  core1_win5_ratio=0.75  core1.5_win2_ratio=0.76  core1.5_win3_ratio=0.75  core1.5_win5_ratio=0.75
  per-case spread across settings: radius-aware median 26.2, 90th 43.0  |  secant median 24.2, 90th 39.8

CRUX  (n = 771)
  median angle:  core0.5_win2=75.1  core0.5_win3=66.0  core0.5_win5=56.0  core1_win2=64.9  core1_win3=58.0  core1_win5=50.9  core1.5_win2=57.3  core1.5_win3=52.4  core1.5_win5=48.4
  old secant:    secant1.5=92.9  secant3=77.9  secant5=65.8
  radius ratio:  core0.5_win2_ratio=0.83  core0.5_win3_ratio=0.82  core0.5_win5_ratio=0.80  core1_win2_ratio=0.81  core1_win3_ratio=0.81  core1_win5_ratio=0.79  core1.5_win2_ratio=0.79  core1.5_win3_ratio=0.79  core1.5_win5_ratio=0.77
  per-case spread across settings: radius-aware median 26.6, 90th 42.0  |  secant median 25.8, 90th 41.3

Wrote /dtu/blackhole/0a/224426/imagecasx_derived/bifurcation_angles/sensitivity/angle_sensitivity.csv
Wrote figures/1_05_tree.png

------------------------------------------------------------
Sender: LSF System <lsfadmin@hpc.dtu.dk>
Subject: Job 29421917: <extract_topology> in cluster <dcc> Done

Job <extract_topology> was submitted from host <hpclogin1> by user <s254124> in cluster <dcc> at Wed Sep 16 10:18:36 2026
Job was executed on host(s) <8*n-62-30-25>, in queue <hpc>, as user <s254124> in cluster <dcc> at Wed Sep 16 10:18:38 2026
</zhome/e2/6/224426> was used as the home directory.
</zhome/e2/6/224426/project/ImageCAS-X> was used as the working directory.
Started at Wed Sep 16 10:18:38 2026
Terminated at Wed Sep 16 10:23:36 2026
Results reported at Wed Sep 16 10:23:36 2026

Your job looked like:

------------------------------------------------------------
# LSBATCH: User input
#!/bin/sh

#BSUB -q hpc
#BSUB -J extract_topology
#BSUB -n 8
#BSUB -R "span[hosts=1]"
#BSUB -R "rusage[mem=4GB]"
#BSUB -W 4:00
#BSUB -o logs/extract_topology_%J.out
#BSUB -e logs/extract_topology_%J.err

# Radius-aware bifurcation angles on the GT centerlines, plus the direction sensitivity
# sweep. GT-tree-building + feature extraction only -- no predicted masks, no postprocessing
# extension. CPU only.
#
#   bsub < jobs/extract_topology.sh
#
# Every step skips or overwrites cleanly, so a job killed at the walltime can be resubmitted:
# the radius cache is per case and resumes by default.
# Outputs go to $IMAGECASX_OUT (default /dtu/blackhole/0a/224426/imagecasx_derived).

cd /zhome/e2/6/224426/project/ImageCAS-X || exit 1
. ./env.sh
mkdir -p logs
set -e

echo "=== code: $(git describe --always --dirty) ==="

echo "=== 1/3 radius cache for the 800 GT cases ==="
python scripts/compute_centerline_radius.py --workers 8

echo "=== 2/3 GT bifurcation angles ==="
python scripts/extract_bifurcation_angles.py

echo "=== 3/3 direction sensitivity on GT ==="
python scripts/angle_sensitivity.py

python scripts/make_tree_figure.py 1

------------------------------------------------------------

Successfully completed.

Resource usage summary:

    CPU time :                                   2013.55 sec.
    Max Memory :                                 1562 MB
    Average Memory :                             780.25 MB
    Total Requested Memory :                     32768.00 MB
    Delta Memory :                               31206.00 MB
    Max Swap :                                   -
    Max Processes :                              12
    Max Threads :                                15
    Run time :                                   298 sec.
    Turnaround time :                            300 sec.

The output (if any) is above this job summary.



PS:

Read file <logs/extract_topology_29421917.err> for stderr output of this job.

