=== config: configs/cas_net_qiu.json  src: cas_net_pretrained_val  run_dir: cas_net_pretrained_val_qiu_calib  split: val  extra:  --set eval_threshold=99 ===
[reconnect] 80 to process, 0 already done, 0 without a source prediction
  [1/80] 879: b0 2 -> 2, +0 / -0 vox, 3s
  [2/80] 900: b0 4 -> 2, +0 / -679 vox, 16s
  [3/80] 96: b0 4 -> 2, +0 / -427 vox, 20s
  [4/80] 224: b0 3 -> 2, +0 / -110 vox, 19s
  [5/80] 961: b0 6 -> 2, +0 / -1023 vox, 22s
  [6/80] 849: b0 3 -> 2, +0 / -268 vox, 22s
  [7/80] 559: b0 3 -> 2, +0 / -375 vox, 20s
  [8/80] 457: b0 4 -> 2, +0 / -570 vox, 25s
  [9/80] 718: b0 6 -> 2, +0 / -5336 vox, 26s
  [10/80] 39: b0 2 -> 2, +0 / -0 vox, 2s
  [11/80] 399: b0 3 -> 2, +0 / -103 vox, 18s
  [12/80] 183: b0 3 -> 2, +0 / -237 vox, 19s
  [13/80] 925: b0 3 -> 2, +0 / -176 vox, 19s
  [14/80] 179: b0 4 -> 2, +0 / -688 vox, 26s
  [15/80] 253: b0 4 -> 2, +0 / -642 vox, 19s
  [16/80] 965: b0 2 -> 2, +0 / -0 vox, 2s
  [17/80] 365: b0 4 -> 2, +0 / -810 vox, 19s
  [18/80] 614: b0 3 -> 2, +0 / -705 vox, 21s
  [19/80] 974: b0 3 -> 2, +0 / -163 vox, 20s
  [20/80] 582: b0 3 -> 2, +0 / -198 vox, 17s
  [21/80] 401: b0 3 -> 2, +0 / -150 vox, 23s
  [22/80] 2: b0 2 -> 2, +0 / -0 vox, 2s
  [23/80] 289: b0 2 -> 2, +0 / -0 vox, 2s
  [24/80] 225: b0 3 -> 2, +0 / -381 vox, 24s
  [25/80] 777: b0 2 -> 2, +0 / -0 vox, 2s
  [26/80] 957: b0 6 -> 2, +0 / -2632 vox, 32s
  [27/80] 867: b0 7 -> 2, +0 / -3960 vox, 27s
  [28/80] 107: b0 5 -> 2, +0 / -892 vox, 37s
  [29/80] 561: b0 8 -> 2, +0 / -2529 vox, 46s
  [30/80] 94: b0 4 -> 2, +0 / -346 vox, 20s
  [31/80] 153: b0 5 -> 2, +0 / -2439 vox, 41s
  [32/80] 734: b0 5 -> 2, +0 / -541 vox, 22s
  [33/80] 111: b0 4 -> 2, +0 / -1114 vox, 19s
  [34/80] 573: b0 3 -> 2, +0 / -222 vox, 19s
  [35/80] 402: b0 3 -> 2, +0 / -107 vox, 20s
  [36/80] 989: b0 2 -> 2, +0 / -0 vox, 2s
  [37/80] 25: b0 5 -> 2, +0 / -891 vox, 21s
  [38/80] 592: b0 4 -> 2, +0 / -1823 vox, 15s
  [39/80] 40: b0 3 -> 2, +0 / -283 vox, 21s
  [40/80] 227: b0 5 -> 2, +0 / -1497 vox, 21s
  [41/80] 182: b0 4 -> 2, +0 / -312 vox, 26s
  [42/80] 951: b0 3 -> 2, +0 / -242 vox, 18s
  [43/80] 425: b0 5 -> 2, +0 / -1333 vox, 27s
  [44/80] 936: b0 4 -> 2, +0 / -1101 vox, 16s
  [45/80] 146: b0 3 -> 2, +0 / -623 vox, 20s
  [46/80] 369: b0 2 -> 2, +0 / -0 vox, 2s
  [47/80] 939: b0 5 -> 2, +0 / -4719 vox, 52s
  [48/80] 515: b0 3 -> 2, +0 / -149 vox, 20s
  [49/80] 565: b0 9 -> 2, +0 / -6416 vox, 25s
  [50/80] 312: b0 4 -> 2, +0 / -565 vox, 22s
  [51/80] 22: b0 3 -> 2, +0 / -204 vox, 23s
  [52/80] 164: b0 2 -> 2, +0 / -0 vox, 2s
  [53/80] 644: b0 2 -> 2, +0 / -0 vox, 2s
  [54/80] 190: b0 2 -> 2, +0 / -0 vox, 2s
  [55/80] 670: b0 4 -> 2, +0 / -469 vox, 22s
  [56/80] 122: b0 6 -> 2, +0 / -2807 vox, 25s
  [57/80] 484: b0 6 -> 2, +0 / -2155 vox, 43s
  [58/80] 226: b0 4 -> 2, +0 / -758 vox, 18s
  [59/80] 379: b0 2 -> 2, +0 / -0 vox, 2s
  [60/80] 827: b0 2 -> 2, +0 / -0 vox, 2s
  [61/80] 607: b0 2 -> 2, +0 / -0 vox, 2s
  [62/80] 816: b0 4 -> 2, +0 / -428 vox, 22s
  [63/80] 793: b0 5 -> 2, +0 / -1374 vox, 22s
  [64/80] 834: b0 4 -> 2, +0 / -684 vox, 30s
  [65/80] 709: b0 2 -> 2, +0 / -0 vox, 2s
  [66/80] 579: b0 4 -> 2, +0 / -2948 vox, 27s
  [67/80] 745: b0 5 -> 2, +0 / -1389 vox, 35s
  [68/80] 166: b0 4 -> 2, +0 / -357 vox, 22s
  [69/80] 98: b0 5 -> 2, +0 / -605 vox, 34s
  [70/80] 742: b0 3 -> 2, +0 / -175 vox, 33s
  [71/80] 136: b0 2 -> 2, +0 / -0 vox, 2s
  [72/80] 567: b0 8 -> 2, +0 / -5160 vox, 31s
  [73/80] 594: b0 4 -> 2, +0 / -553 vox, 21s
  [74/80] 583: b0 4 -> 2, +0 / -642 vox, 34s
  [75/80] 929: b0 5 -> 2, +0 / -712 vox, 24s
  [76/80] 298: b0 5 -> 2, +0 / -663 vox, 22s
  [77/80] 966: b0 4 -> 2, +0 / -269 vox, 20s
  [78/80] 647: b0 3 -> 2, +0 / -128 vox, 19s
  [79/80] 187: b0 7 -> 2, +0 / -730 vox, 36s
  [80/80] 134: b0 7 -> 2, +0 / -2942 vox, 35s
{
  "n_scans": 80,
  "b0_before_mean": 3.9,
  "b0_after_mean": 2.0,
  "scans_with_b0_2_before": 16,
  "scans_with_b0_2_after": 80,
  "fragments_total": 152,
  "fragments_attached": 0,
  "fragments_removed": 152,
  "attempts_by_type": {
    "3": {
      "attempted": 123,
      "walk_reached": 108,
      "accepted": 0
    },
    "2": {
      "attempted": 119,
      "walk_reached": 118,
      "accepted": 0
    },
    "1": {
      "attempted": 31,
      "walk_reached": 25,
      "accepted": 0
    }
  },
  "walk_failures": {
    "max_steps": 16,
    "entered_other_main_tree": 6
  },
  "reconnection_vs_gt": {
    "tp": 0,
    "fp": 0,
    "tn": 73,
    "fn": 79,
    "kept_true": 0,
    "kept_false": 0,
    "rec_acc": 0.48026315789473684,
    "rec_sen": 0.0,
    "rec_spe": 1.0,
    "true_fraction": 0.5,
    "path_fraction": 0.8
  },
  "voxels_added": 0,
  "voxels_removed": 73929,
  "seconds_mean": 20.170455700159074,
  "failed": [],
  "missing_source": []
}

------------------------------------------------------------
Sender: LSF System <lsfadmin@hpc.dtu.dk>
Subject: Job 29405000: <qiu_reconnect> in cluster <dcc> Done

Job <qiu_reconnect> was submitted from host <hpclogin1> by user <s254124> in cluster <dcc> at Mon Sep 14 23:02:45 2026
Job was executed on host(s) <8*n-62-29-26>, in queue <hpc>, as user <s254124> in cluster <dcc> at Mon Sep 14 23:02:47 2026
</zhome/e2/6/224426> was used as the home directory.
</zhome/e2/6/224426/project/ImageCAS-X> was used as the working directory.
Started at Mon Sep 14 23:02:47 2026
Terminated at Mon Sep 14 23:07:26 2026
Results reported at Mon Sep 14 23:07:26 2026

Your job looked like:

------------------------------------------------------------
# LSBATCH: User input
#!/bin/sh

#BSUB -q hpc
#BSUB -J qiu_reconnect
#BSUB -n 8
#BSUB -R "span[hosts=1]"
#BSUB -R "rusage[mem=4GB]"
#BSUB -W 6:00
#BSUB -o logs/qiu_reconnect_%J.out
#BSUB -e logs/qiu_reconnect_%J.err

# Repair an existing run's predictions with Qiu et al. 2025 stage 2, then score them.
# CPU only. See docs_thesis/qiu_reconnection.md.
#
#   RUN_DIR   output run dir under $ImageCAS_X_results_path (required)
#   CONFIG    default configs/cas_net_qiu.json
#   SRC_RUN   run dir holding the predictions to repair, default cas_net_pretrained
#   SPLIT     default test; evaluate.py only runs for test
#   SET       one reconnection param override, e.g. eval_threshold=99
#   OVERWRITE redo scans already written
#
#   bsub -env "all, RUN_DIR=cas_net_pretrained_keep2, CONFIG=configs/cas_net_keep2.json" < jobs/qiu_reconnect.sh
#   bsub -env "all, RUN_DIR=cas_net_pretrained_val_qiu_calib, SRC_RUN=cas_net_pretrained_val, SPLIT=val, SET=eval_threshold=99" < jobs/qiu_reconnect.sh
#   bsub -env "all, RUN_DIR=cas_net_pretrained_qiu" < jobs/qiu_reconnect.sh
#   bsub -env "all, RUN_DIR=cas_net_pretrained_qiu_noremove, CONFIG=configs/cas_net_qiu_noremove.json" < jobs/qiu_reconnect.sh
#
# Resumes by default. A scan that fails gets no prediction and an .error.txt log; the
# job still evaluates, and evaluate.py reports the gap under "coverage".

cd /zhome/e2/6/224426/project/ImageCAS-X || exit 1
. ./env.sh
mkdir -p logs

CONFIG="${CONFIG:-configs/cas_net_qiu.json}"
SRC_RUN="${SRC_RUN:-cas_net_pretrained}"
SPLIT="${SPLIT:-test}"

if [ -z "$RUN_DIR" ]; then
    echo "RUN_DIR is required, e.g. -env \"all, RUN_DIR=cas_net_pretrained_qiu\"" >&2
    exit 1
fi

EXTRA_ARGS=""
[ -n "$SET" ] && EXTRA_ARGS="$EXTRA_ARGS --set $SET"
[ -n "$OVERWRITE" ] && EXTRA_ARGS="$EXTRA_ARGS --overwrite"

echo "=== config: $CONFIG  src: $SRC_RUN  run_dir: $RUN_DIR  split: $SPLIT  extra: $EXTRA_ARGS ==="

python scripts/qiu_reconnect.py -c "$CONFIG" --src "$SRC_RUN" -r "$RUN_DIR" \
    --split "$SPLIT" --workers 8 $EXTRA_ARGS \

(... more ...)
------------------------------------------------------------

Successfully completed.

Resource usage summary:

    CPU time :                                   2024.40 sec.
    Max Memory :                                 10856 MB
    Average Memory :                             9134.50 MB
    Total Requested Memory :                     32768.00 MB
    Delta Memory :                               21912.00 MB
    Max Swap :                                   -
    Max Processes :                              12
    Max Threads :                                15
    Run time :                                   279 sec.
    Turnaround time :                            281 sec.

The output (if any) is above this job summary.



PS:

Read file <logs/qiu_reconnect_29405000.err> for stderr output of this job.

