[offline_resample] 800 scans  target_spacing=0.5mm
[offline_resample] volumes:  /work3/s254124/ImageCAS-X_dataset/volumes  ->  /work3/s254124/ImageCAS-X_dataset/volumes_resampled
[offline_resample] masks:    /work3/s254124/ImageCAS-X_dataset/segmentations  ->  /work3/s254124/ImageCAS-X_dataset/segmentations_resampled
[offline_resample] 0 already cached, 800 to process (workers=8)

  [1/800] 103: ok  shape=(326, 326, 206)
  [2/800] 106: ok  shape=(326, 326, 206)
  [3/800] 100: ok  shape=(326, 326, 206)
  [4/800] 11: ok  shape=(338, 338, 275)
  [5/800] 107: ok  shape=(362, 362, 275)
  [6/800] 109: ok  shape=(368, 368, 275)
  [7/800] 1: ok  shape=(386, 386, 275)
  [8/800] 102: ok  shape=(440, 440, 257)
  [9/800] 112: ok  shape=(316, 316, 241)
  [10/800] 111: ok  shape=(340, 340, 275)
  [11/800] 110: ok  shape=(362, 362, 275)
  [12/800] 115: ok  shape=(326, 326, 245)
  [13/800] 116: ok  shape=(368, 368, 206)
  [14/800] 113: ok  shape=(392, 392, 275)
  [15/800] 114: ok  shape=(388, 388, 275)
  [16/800] 117: ok  shape=(392, 392, 275)
  [17/800] 118: ok  shape=(360, 360, 275)
  [18/800] 119: ok  shape=(350, 350, 275)
  [19/800] 120: ok  shape=(370, 370, 275)
  [20/800] 121: ok  shape=(370, 370, 275)
  [21/800] 122: ok  shape=(382, 382, 275)
  [22/800] 124: ok  shape=(326, 326, 275)
  [23/800] 123: ok  shape=(396, 396, 275)
  [24/800] 125: ok  shape=(370, 370, 275)
  [25/800] 126: ok  shape=(406, 406, 259)
  [26/800] 128: ok  shape=(364, 364, 275)
  [27/800] 127: ok  shape=(434, 434, 261)
  [28/800] 13: ok  shape=(356, 356, 241)
  [29/800] 129: ok  shape=(382, 382, 275)
  [30/800] 130: ok  shape=(406, 406, 275)
  [31/800] 131: ok  shape=(400, 400, 247)
  [32/800] 132: ok  shape=(336, 336, 275)
  [33/800] 134: ok  shape=(326, 326, 206)
  [34/800] 136: ok  shape=(326, 326, 249)
  [35/800] 133: ok  shape=(400, 400, 275)
  [36/800] 135: ok  shape=(352, 352, 275)
  [37/800] 14: ok  shape=(326, 326, 275)
  [38/800] 138: ok  shape=(414, 414, 275)
  [39/800] 139: ok  shape=(392, 392, 275)
  [40/800] 140: ok  shape=(366, 366, 275)
  [41/800] 142: ok  shape=(398, 398, 275)
  [42/800] 145: ok  shape=(382, 382, 223)
  [43/800] 143: ok  shape=(368, 368, 275)
  [44/800] 144: ok  shape=(360, 360, 275)
  [45/800] 148: ok  shape=(386, 386, 206)
  [46/800] 146: ok  shape=(362, 362, 275)
  [47/800] 147: ok  shape=(392, 392, 275)
  [48/800] 15: ok  shape=(366, 366, 206)
  [49/800] 149: ok  shape=(370, 370, 275)
  [50/800] 151: ok  shape=(422, 422, 227)
  [51/800] 152: ok  shape=(378, 378, 275)
  [52/800] 153: ok  shape=(386, 386, 275)
  [53/800] 154: ok  shape=(344, 344, 206)
  [54/800] 155: ok  shape=(326, 326, 253)
  [55/800] 157: ok  shape=(336, 336, 275)
  [56/800] 160: ok  shape=(326, 326, 219)
  [57/800] 159: ok  shape=(372, 372, 275)
  [58/800] 16: ok  shape=(400, 400, 275)
  [59/800] 162: ok  shape=(326, 326, 229)
  [60/800] 161: ok  shape=(372, 372, 233)
  [61/800] 164: ok  shape=(350, 350, 239)
  [62/800] 163: ok  shape=(402, 402, 275)
  [63/800] 168: ok  shape=(326, 326, 275)
  [64/800] 167: ok  shape=(354, 354, 275)
  [65/800] 166: ok  shape=(406, 406, 259)
  [66/800] 169: ok  shape=(376, 376, 259)
  [67/800] 173: ok  shape=(326, 326, 275)
  [68/800] 17: ok  shape=(440, 440, 275)
  [69/800] 172: ok  shape=(430, 430, 275)
  [70/800] 175: ok  shape=(326, 326, 231)
  [71/800] 174: ok  shape=(444, 444, 259)
  [72/800] 176: ok  shape=(326, 326, 249)
  [73/800] 18: ok  shape=(326, 326, 206)
  [74/800] 179: ok  shape=(382, 382, 275)
  [75/800] 177: ok  shape=(458, 458, 275)
  [76/800] 181: ok  shape=(392, 392, 275)
  [77/800] 180: ok  shape=(406, 406, 275)
  [78/800] 182: ok  shape=(376, 376, 275)
  [79/800] 184: ok  shape=(378, 378, 275)
  [80/800] 183: ok  shape=(392, 392, 275)
  [81/800] 187: ok  shape=(338, 338, 275)
  [82/800] 19: ok  shape=(326, 326, 275)
  [83/800] 188: ok  shape=(376, 376, 275)
  [84/800] 190: ok  shape=(326, 326, 275)
  [85/800] 195: ok  shape=(326, 326, 206)
  [86/800] 191: ok  shape=(356, 356, 275)
  [87/800] 193: ok  shape=(354, 354, 275)
  [88/800] 194: ok  shape=(326, 326, 275)
  [89/800] 196: ok  shape=(326, 326, 275)
  [90/800] 197: ok  shape=(326, 326, 229)
  [91/800] 198: ok  shape=(412, 412, 275)
  [92/800] 203: ok  shape=(324, 324, 249)
  [93/800] 200: ok  shape=(326, 326, 275)
  [94/800] 2: ok  shape=(380, 380, 275)
  [95/800] 205: ok  shape=(364, 364, 225)
  [96/800] 201: ok  shape=(378, 378, 275)
  [97/800] 204: ok  shape=(352, 352, 275)
  [98/800] 206: ok  shape=(360, 360, 275)
  [99/800] 209: ok  shape=(326, 326, 206)
  [100/800] 207: ok  shape=(352, 352, 275)
  [101/800] 210: ok  shape=(352, 352, 228)
  [102/800] 21: ok  shape=(354, 354, 275)
  [103/800] 212: ok  shape=(376, 376, 223)
  [104/800] 211: ok  shape=(346, 346, 275)
  [105/800] 208: ok  shape=(426, 426, 275)
  [106/800] 213: ok  shape=(384, 384, 275)
  [107/800] 214: ok  shape=(326, 326, 275)
  [108/800] 221: ok  shape=(326, 326, 206)
  [109/800] 217: ok  shape=(352, 352, 241)
  [110/800] 218: ok  shape=(354, 354, 275)
  [111/800] 22: ok  shape=(350, 350, 275)
  [112/800] 215: ok  shape=(418, 418, 275)
  [113/800] 222: ok  shape=(402, 402, 275)
  [114/800] 224: ok  shape=(358, 358, 275)
  [115/800] 225: ok  shape=(354, 354, 275)
  [116/800] 226: ok  shape=(374, 374, 255)
  [117/800] 227: ok  shape=(344, 344, 275)
  [118/800] 230: ok  shape=(360, 360, 275)
  [119/800] 232: ok  shape=(394, 394, 231)
  [120/800] 231: ok  shape=(382, 382, 275)
  [121/800] 233: ok  shape=(378, 378, 259)
  [122/800] 237: ok  shape=(326, 326, 206)
  [123/800] 235: ok  shape=(348, 348, 275)
  [124/800] 234: ok  shape=(382, 382, 275)
  [125/800] 236: ok  shape=(356, 356, 275)
  [126/800] 241: ok  shape=(342, 342, 236)
  [127/800] 24: ok  shape=(358, 358, 275)
  [128/800] 239: ok  shape=(428, 428, 275)
  [129/800] 245: ok  shape=(334, 334, 275)
  [130/800] 242: ok  shape=(400, 400, 275)
  [131/800] 246: ok  shape=(354, 354, 275)
  [132/800] 244: ok  shape=(406, 406, 275)
  [133/800] 247: ok  shape=(384, 384, 275)
  [134/800] 248: ok  shape=(376, 376, 275)
  [135/800] 251: ok  shape=(326, 326, 206)
  [136/800] 25: ok  shape=(424, 424, 245)
  [137/800] 252: ok  shape=(360, 360, 221)
  [138/800] 250: ok  shape=(368, 368, 275)
  [139/800] 253: ok  shape=(352, 352, 229)
  [140/800] 260: ok  shape=(388, 388, 275)
  [141/800] 264: ok  shape=(362, 362, 231)
  [142/800] 265: ok  shape=(342, 342, 225)
  [143/800] 266: ok  shape=(326, 326, 245)
  [144/800] 262: ok  shape=(428, 428, 275)
  [145/800] 27: ok  shape=(326, 326, 275)
  [146/800] 267: ok  shape=(388, 388, 275)
  [147/800] 268: ok  shape=(376, 376, 275)
  [148/800] 271: ok  shape=(326, 326, 227)
  [149/800] 272: ok  shape=(356, 356, 206)
  [150/800] 273: ok  shape=(384, 384, 275)
  [151/800] 274: ok  shape=(342, 342, 275)
  [152/800] 275: ok  shape=(390, 390, 275)
  [153/800] 279: ok  shape=(374, 374, 245)
  [154/800] 28: ok  shape=(344, 344, 275)
  [155/800] 277: ok  shape=(408, 408, 275)
  [156/800] 282: ok  shape=(326, 326, 259)
  [157/800] 280: ok  shape=(344, 344, 275)
  [158/800] 284: ok  shape=(374, 374, 275)
  [159/800] 283: ok  shape=(390, 390, 275)
  [160/800] 289: ok  shape=(326, 326, 206)
  [161/800] 29: ok  shape=(326, 326, 206)
  [162/800] 286: ok  shape=(326, 326, 261)
  [163/800] 287: ok  shape=(342, 342, 261)
  [164/800] 285: ok  shape=(386, 386, 275)
  [165/800] 288: ok  shape=(342, 342, 275)
  [166/800] 291: ok  shape=(340, 340, 275)
  [167/800] 294: ok  shape=(366, 366, 239)
  [168/800] 290: ok  shape=(376, 376, 275)
  [169/800] 293: ok  shape=(388, 388, 275)
  [170/800] 292: ok  shape=(416, 416, 275)
  [171/800] 297: ok  shape=(398, 398, 275)
  [172/800] 3: ok  shape=(370, 370, 275)
  [173/800] 298: ok  shape=(476, 476, 275)
  [174/800] 30: ok  shape=(360, 360, 275)
  [175/800] 300: ok  shape=(388, 388, 275)
  [176/800] 301: ok  shape=(382, 382, 275)
  [177/800] 304: ok  shape=(346, 346, 275)
  [178/800] 305: ok  shape=(396, 396, 267)
  [179/800] 306: ok  shape=(366, 366, 275)
  [180/800] 307: ok  shape=(424, 424, 275)
  [181/800] 308: ok  shape=(356, 356, 275)
  [182/800] 310: ok  shape=(344, 344, 233)
  [183/800] 309: ok  shape=(376, 376, 275)
  [184/800] 311: ok  shape=(350, 350, 275)
  [185/800] 312: ok  shape=(390, 390, 257)
  [186/800] 313: ok  shape=(326, 326, 275)
  [187/800] 315: ok  shape=(350, 350, 275)
  [188/800] 317: ok  shape=(326, 326, 275)
  [189/800] 316: ok  shape=(378, 378, 275)
  [190/800] 318: ok  shape=(330, 330, 275)
  [191/800] 320: ok  shape=(326, 326, 243)
  [192/800] 319: ok  shape=(382, 382, 233)
  [193/800] 325: ok  shape=(356, 356, 206)
  [194/800] 323: ok  shape=(362, 362, 275)
  [195/800] 324: ok  shape=(366, 366, 275)
  [196/800] 326: ok  shape=(350, 350, 206)
  [197/800] 327: ok  shape=(326, 326, 275)
  [198/800] 33: ok  shape=(334, 334, 275)
  [199/800] 328: ok  shape=(362, 362, 275)
  [200/800] 329: ok  shape=(344, 344, 275)
  [201/800] 330: ok  shape=(326, 326, 275)
  [202/800] 334: ok  shape=(338, 338, 221)
  [203/800] 331: ok  shape=(350, 350, 275)
  [204/800] 332: ok  shape=(366, 366, 245)
  [205/800] 335: ok  shape=(352, 352, 237)
  [206/800] 336: ok  shape=(344, 344, 206)
  [207/800] 337: ok  shape=(338, 338, 245)
  [208/800] 341: ok  shape=(326, 326, 223)
  [209/800] 338: ok  shape=(376, 376, 257)
  [210/800] 342: ok  shape=(326, 326, 206)
  [211/800] 340: ok  shape=(390, 390, 275)
  [212/800] 343: ok  shape=(384, 384, 275)
  [213/800] 344: ok  shape=(356, 356, 275)
  [214/800] 346: ok  shape=(344, 344, 275)
  [215/800] 348: ok  shape=(326, 326, 275)
  [216/800] 349: ok  shape=(326, 326, 275)
  [217/800] 351: ok  shape=(326, 326, 206)
  [218/800] 347: ok  shape=(386, 386, 275)
  [219/800] 350: ok  shape=(392, 392, 275)
  [220/800] 355: ok  shape=(336, 336, 206)
  [221/800] 354: ok  shape=(360, 360, 275)
  [222/800] 360: ok  shape=(326, 326, 257)
  [223/800] 356: ok  shape=(404, 404, 275)
  [224/800] 357: ok  shape=(354, 354, 275)
  [225/800] 36: ok  shape=(364, 364, 275)
  [226/800] 362: ok  shape=(396, 396, 275)
  [227/800] 365: ok  shape=(326, 326, 239)
  [228/800] 364: ok  shape=(372, 372, 259)
  [229/800] 363: ok  shape=(392, 392, 275)
  [230/800] 367: ok  shape=(342, 342, 237)
  [231/800] 366: ok  shape=(364, 364, 275)
  [232/800] 368: ok  shape=(354, 354, 275)
  [233/800] 370: ok  shape=(326, 326, 206)
  [234/800] 371: ok  shape=(326, 326, 206)
  [235/800] 369: ok  shape=(394, 394, 275)
  [236/800] 37: ok  shape=(372, 372, 275)
  [237/800] 372: ok  shape=(384, 384, 275)
  [238/800] 374: ok  shape=(378, 378, 275)
  [239/800] 377: ok  shape=(342, 342, 243)
  [240/800] 379: ok  shape=(326, 326, 275)
  [241/800] 375: ok  shape=(376, 376, 275)
  [242/800] 376: ok  shape=(384, 384, 275)
  [243/800] 381: ok  shape=(326, 326, 275)
  [244/800] 382: ok  shape=(358, 358, 275)
  [245/800] 384: ok  shape=(374, 374, 275)
  [246/800] 386: ok  shape=(360, 360, 227)
  [247/800] 385: ok  shape=(326, 326, 275)
  [248/800] 388: ok  shape=(414, 414, 251)
  [249/800] 39: ok  shape=(388, 388, 241)
  [250/800] 390: ok  shape=(410, 410, 235)
  [251/800] 389: ok  shape=(388, 388, 275)
  [252/800] 393: ok  shape=(326, 326, 275)
  [253/800] 394: ok  shape=(362, 362, 257)
  [254/800] 397: ok  shape=(362, 362, 206)
  [255/800] 396: ok  shape=(406, 406, 245)
  [256/800] 399: ok  shape=(364, 364, 249)
  [257/800] 398: ok  shape=(368, 368, 261)
  [258/800] 4: ok  shape=(350, 350, 259)
  [259/800] 40: ok  shape=(386, 386, 245)
  [260/800] 401: ok  shape=(354, 354, 275)
  [261/800] 402: ok  shape=(360, 360, 275)
  [262/800] 404: ok  shape=(358, 358, 275)
  [263/800] 41: ok  shape=(326, 326, 206)
  [264/800] 405: ok  shape=(380, 380, 275)
  [265/800] 406: ok  shape=(358, 358, 243)
  [266/800] 410: ok  shape=(352, 352, 225)
  [267/800] 408: ok  shape=(340, 340, 275)
  [268/800] 407: ok  shape=(398, 398, 275)
  [269/800] 416: ok  shape=(296, 296, 206)
  [270/800] 412: ok  shape=(352, 352, 275)
  [271/800] 411: ok  shape=(386, 386, 275)
  [272/800] 415: ok  shape=(376, 376, 223)
  [273/800] 413: ok  shape=(372, 372, 275)
  [274/800] 419: ok  shape=(326, 326, 206)
  [275/800] 418: ok  shape=(402, 402, 206)
  [276/800] 417: ok  shape=(358, 358, 275)
  [277/800] 42: ok  shape=(348, 348, 275)
  [278/800] 423: ok  shape=(326, 326, 275)
  [279/800] 426: ok  shape=(326, 326, 206)
  [280/800] 422: ok  shape=(374, 374, 275)
  [281/800] 424: ok  shape=(374, 374, 275)
  [282/800] 425: ok  shape=(374, 374, 275)
  [283/800] 43: ok  shape=(356, 356, 255)
  [284/800] 429: ok  shape=(374, 374, 275)
  [285/800] 430: ok  shape=(326, 326, 213)
  [286/800] 431: ok  shape=(326, 326, 249)
  [287/800] 433: ok  shape=(326, 326, 275)
  [288/800] 436: ok  shape=(360, 360, 206)
  [289/800] 44: ok  shape=(302, 302, 206)
  [290/800] 439: ok  shape=(326, 326, 227)
  [291/800] 435: ok  shape=(402, 402, 275)
  [292/800] 437: ok  shape=(354, 354, 251)
  [293/800] 441: ok  shape=(326, 326, 221)
  [294/800] 443: ok  shape=(328, 328, 206)
  [295/800] 440: ok  shape=(400, 400, 275)
  [296/800] 442: ok  shape=(360, 360, 275)
  [297/800] 445: ok  shape=(360, 360, 239)
  [298/800] 444: ok  shape=(350, 350, 275)
  [299/800] 446: ok  shape=(388, 388, 275)
  [300/800] 448: ok  shape=(384, 384, 275)
  [301/800] 449: ok  shape=(396, 396, 251)
  [302/800] 453: ok  shape=(350, 350, 206)
  [303/800] 45: ok  shape=(410, 410, 275)
  [304/800] 450: ok  shape=(382, 382, 275)
  [305/800] 452: ok  shape=(348, 348, 275)
  [306/800] 451: ok  shape=(436, 436, 241)
  [307/800] 454: ok  shape=(370, 370, 249)
  [308/800] 455: ok  shape=(368, 368, 275)
  [309/800] 457: ok  shape=(386, 386, 275)
  [310/800] 459: ok  shape=(348, 348, 253)
  [311/800] 46: ok  shape=(332, 332, 275)
  [312/800] 458: ok  shape=(376, 376, 275)
  [313/800] 462: ok  shape=(346, 346, 259)
  [314/800] 461: ok  shape=(350, 350, 275)
  [315/800] 463: ok  shape=(326, 326, 237)
  [316/800] 465: ok  shape=(348, 348, 275)
  [317/800] 466: ok  shape=(380, 380, 253)
  [318/800] 467: ok  shape=(354, 354, 275)
  [319/800] 469: ok  shape=(384, 384, 275)
  [320/800] 47: ok  shape=(348, 348, 275)
  [321/800] 468: ok  shape=(414, 414, 275)
  [322/800] 472: ok  shape=(376, 376, 275)
  [323/800] 471: ok  shape=(432, 432, 275)
  [324/800] 473: ok  shape=(396, 396, 275)
  [325/800] 474: ok  shape=(366, 366, 251)
  [326/800] 475: ok  shape=(358, 358, 275)
  [327/800] 477: ok  shape=(350, 350, 253)
  [328/800] 478: ok  shape=(358, 358, 275)
  [329/800] 483: ok  shape=(326, 326, 275)
  [330/800] 480: ok  shape=(394, 394, 247)
  [331/800] 484: ok  shape=(364, 364, 275)
  [332/800] 485: ok  shape=(354, 354, 257)
  [333/800] 486: ok  shape=(326, 326, 275)
  [334/800] 489: ok  shape=(352, 352, 239)
  [335/800] 488: ok  shape=(352, 352, 259)
  [336/800] 490: ok  shape=(326, 326, 237)
  [337/800] 49: ok  shape=(326, 326, 275)
  [338/800] 491: ok  shape=(350, 350, 269)
  [339/800] 494: ok  shape=(326, 326, 275)
  [340/800] 495: ok  shape=(362, 362, 275)
  [341/800] 498: ok  shape=(326, 326, 257)
  [342/800] 5: ok  shape=(356, 356, 206)
  [343/800] 496: ok  shape=(384, 384, 275)
  [344/800] 499: ok  shape=(336, 336, 275)
  [345/800] 497: ok  shape=(420, 420, 241)
  [346/800] 50: ok  shape=(376, 376, 275)
  [347/800] 502: ok  shape=(326, 326, 206)
  [348/800] 501: ok  shape=(366, 366, 275)
  [349/800] 504: ok  shape=(368, 368, 275)
  [350/800] 506: ok  shape=(378, 378, 241)
  [351/800] 503: ok  shape=(418, 418, 275)
  [352/800] 507: ok  shape=(372, 372, 261)
  [353/800] 505: ok  shape=(434, 434, 275)
  [354/800] 51: ok  shape=(348, 348, 275)
  [355/800] 508: ok  shape=(376, 376, 275)
  [356/800] 509: ok  shape=(382, 382, 275)
  [357/800] 510: ok  shape=(370, 370, 275)
  [358/800] 512: ok  shape=(348, 348, 275)
  [359/800] 516: ok  shape=(324, 324, 275)
  [360/800] 511: ok  shape=(392, 392, 275)
  [361/800] 515: ok  shape=(384, 384, 275)
  [362/800] 519: ok  shape=(326, 326, 206)
  [363/800] 518: ok  shape=(354, 354, 243)
  [364/800] 517: ok  shape=(406, 406, 275)
  [365/800] 52: ok  shape=(372, 372, 275)
  [366/800] 521: ok  shape=(356, 356, 275)
  [367/800] 520: ok  shape=(390, 390, 275)
  [368/800] 522: ok  shape=(366, 366, 275)
  [369/800] 524: ok  shape=(370, 370, 275)
  [370/800] 526: ok  shape=(396, 396, 275)
  [371/800] 527: ok  shape=(386, 386, 247)
  [372/800] 528: ok  shape=(384, 384, 206)
  [373/800] 53: ok  shape=(326, 326, 275)
  [374/800] 530: ok  shape=(326, 326, 275)
  [375/800] 533: ok  shape=(360, 360, 241)
  [376/800] 529: ok  shape=(380, 380, 275)
  [377/800] 535: ok  shape=(326, 326, 253)
  [378/800] 534: ok  shape=(348, 348, 275)
  [379/800] 536: ok  shape=(340, 340, 275)
  [380/800] 537: ok  shape=(392, 392, 275)
  [381/800] 539: ok  shape=(356, 356, 206)
  [382/800] 538: ok  shape=(326, 326, 275)
  [383/800] 54: ok  shape=(350, 350, 275)
  [384/800] 543: ok  shape=(360, 360, 243)
  [385/800] 542: ok  shape=(388, 388, 249)
  [386/800] 541: ok  shape=(398, 398, 275)
  [387/800] 544: ok  shape=(380, 380, 275)
  [388/800] 545: ok  shape=(358, 358, 247)
  [389/800] 546: ok  shape=(326, 326, 245)
  [390/800] 548: ok  shape=(326, 326, 275)
  [391/800] 547: ok  shape=(352, 352, 275)
  [392/800] 549: ok  shape=(326, 326, 257)
  [393/800] 55: ok  shape=(376, 376, 275)
  [394/800] 551: ok  shape=(364, 364, 275)
  [395/800] 553: ok  shape=(358, 358, 275)
  [396/800] 554: ok  shape=(326, 326, 275)
  [397/800] 552: ok  shape=(400, 400, 275)
  [398/800] 555: ok  shape=(348, 348, 275)
  [399/800] 557: ok  shape=(368, 368, 275)
  [400/800] 558: ok  shape=(382, 382, 275)
  [401/800] 56: ok  shape=(352, 352, 275)
  [402/800] 559: ok  shape=(368, 368, 275)
  [403/800] 560: ok  shape=(388, 388, 275)
  [404/800] 563: ok  shape=(326, 326, 206)
  [405/800] 561: ok  shape=(410, 410, 275)
  [406/800] 565: ok  shape=(326, 326, 206)
  [407/800] 562: ok  shape=(438, 438, 275)
  [408/800] 564: ok  shape=(372, 372, 275)
  [409/800] 566: ok  shape=(356, 356, 275)
  [410/800] 567: ok  shape=(336, 336, 275)
  [411/800] 568: ok  shape=(350, 350, 206)
  [412/800] 571: ok  shape=(326, 326, 206)
  [413/800] 570: ok  shape=(326, 326, 275)
  [414/800] 57: ok  shape=(358, 358, 275)
  [415/800] 569: ok  shape=(402, 402, 275)
  [416/800] 574: ok  shape=(326, 326, 275)
  [417/800] 572: ok  shape=(404, 404, 275)
  [418/800] 575: ok  shape=(362, 362, 275)
  [419/800] 573: ok  shape=(378, 378, 275)
  [420/800] 576: ok  shape=(356, 356, 239)
  [421/800] 58: ok  shape=(360, 360, 206)
  [422/800] 579: ok  shape=(344, 344, 275)
  [423/800] 578: ok  shape=(404, 404, 275)
  [424/800] 580: ok  shape=(354, 354, 206)
  [425/800] 582: ok  shape=(326, 326, 247)
  [426/800] 584: ok  shape=(326, 326, 245)
  [427/800] 586: ok  shape=(326, 326, 206)
  [428/800] 583: ok  shape=(366, 366, 275)
  [429/800] 587: ok  shape=(336, 336, 275)
  [430/800] 588: ok  shape=(362, 362, 217)
  [431/800] 592: ok  shape=(348, 348, 206)
  [432/800] 59: ok  shape=(344, 344, 275)
  [433/800] 596: ok  shape=(332, 332, 235)
  [434/800] 594: ok  shape=(332, 332, 275)
  [435/800] 593: ok  shape=(406, 406, 275)
  [436/800] 600: ok  shape=(364, 364, 219)
  [437/800] 598: ok  shape=(388, 388, 275)
  [438/800] 601: ok  shape=(326, 326, 243)
  [439/800] 60: ok  shape=(374, 374, 275)
  [440/800] 599: ok  shape=(398, 398, 275)
  [441/800] 603: ok  shape=(326, 326, 206)
  [442/800] 605: ok  shape=(366, 366, 275)
  [443/800] 608: ok  shape=(326, 326, 206)
  [444/800] 610: ok  shape=(326, 326, 206)
  [445/800] 609: ok  shape=(326, 326, 223)
  [446/800] 611: ok  shape=(326, 326, 206)
  [447/800] 607: ok  shape=(428, 428, 275)
  [448/800] 61: ok  shape=(370, 370, 275)
  [449/800] 612: ok  shape=(356, 356, 275)
  [450/800] 615: ok  shape=(346, 346, 241)
  [451/800] 614: ok  shape=(378, 378, 275)
  [452/800] 618: ok  shape=(326, 326, 275)
  [453/800] 616: ok  shape=(360, 360, 275)
  [454/800] 617: ok  shape=(368, 368, 275)
  [455/800] 619: ok  shape=(352, 352, 275)
  [456/800] 620: ok  shape=(358, 358, 275)
  [457/800] 621: ok  shape=(376, 376, 275)
  [458/800] 622: ok  shape=(328, 328, 275)
  [459/800] 624: ok  shape=(326, 326, 275)
  [460/800] 625: ok  shape=(362, 362, 227)
  [461/800] 623: ok  shape=(350, 350, 275)
  [462/800] 627: ok  shape=(326, 326, 275)
  [463/800] 63: ok  shape=(326, 326, 206)
  [464/800] 629: ok  shape=(326, 326, 275)
  [465/800] 628: ok  shape=(442, 442, 275)
  [466/800] 632: ok  shape=(326, 326, 206)
  [467/800] 631: ok  shape=(360, 360, 275)
  [468/800] 638: ok  shape=(320, 320, 206)
  [469/800] 633: ok  shape=(352, 352, 275)
  [470/800] 634: ok  shape=(352, 352, 275)
  [471/800] 635: ok  shape=(366, 366, 275)
  [472/800] 639: ok  shape=(326, 326, 231)
  [473/800] 64: ok  shape=(354, 354, 275)
  [474/800] 640: ok  shape=(370, 370, 275)
  [475/800] 645: ok  shape=(326, 326, 206)
  [476/800] 643: ok  shape=(326, 326, 275)
  [477/800] 641: ok  shape=(402, 402, 275)
  [478/800] 642: ok  shape=(364, 364, 275)
  [479/800] 644: ok  shape=(382, 382, 275)
  [480/800] 647: ok  shape=(370, 370, 275)
  [481/800] 65: ok  shape=(352, 352, 206)
  [482/800] 650: ok  shape=(350, 350, 229)
  [483/800] 657: ok  shape=(326, 326, 206)
  [484/800] 648: ok  shape=(394, 394, 275)
  [485/800] 659: ok  shape=(374, 374, 223)
  [486/800] 652: ok  shape=(404, 404, 275)
  [487/800] 656: ok  shape=(414, 414, 275)
  [488/800] 660: ok  shape=(364, 364, 275)
  [489/800] 661: ok  shape=(326, 326, 275)
  [490/800] 664: ok  shape=(326, 326, 206)
  [491/800] 665: ok  shape=(326, 326, 206)
  [492/800] 662: ok  shape=(326, 326, 275)
  [493/800] 667: ok  shape=(370, 370, 275)
  [494/800] 669: ok  shape=(400, 400, 229)
  [495/800] 668: ok  shape=(388, 388, 275)
  [496/800] 670: ok  shape=(338, 338, 275)
  [497/800] 674: ok  shape=(326, 326, 275)
  [498/800] 67: ok  shape=(378, 378, 275)
  [499/800] 673: ok  shape=(376, 376, 275)
  [500/800] 675: ok  shape=(366, 366, 275)
  [501/800] 678: ok  shape=(326, 326, 206)
  [502/800] 68: ok  shape=(326, 326, 206)
  [503/800] 681: ok  shape=(326, 326, 206)
  [504/800] 680: ok  shape=(326, 326, 206)
  [505/800] 676: ok  shape=(378, 378, 275)
  [506/800] 677: ok  shape=(392, 392, 235)
  [507/800] 682: ok  shape=(326, 326, 206)
  [508/800] 683: ok  shape=(326, 326, 206)
  [509/800] 686: ok  shape=(326, 326, 231)
  [510/800] 688: ok  shape=(334, 334, 206)
  [511/800] 691: ok  shape=(326, 326, 206)
  [512/800] 689: ok  shape=(354, 354, 225)
  [513/800] 690: ok  shape=(354, 354, 219)
  [514/800] 687: ok  shape=(358, 358, 261)
  [515/800] 69: ok  shape=(352, 352, 245)
  [516/800] 692: ok  shape=(326, 326, 206)
  [517/800] 693: ok  shape=(326, 326, 206)
  [518/800] 694: ok  shape=(326, 326, 217)
  [519/800] 695: ok  shape=(326, 326, 206)
  [520/800] 699: ok  shape=(306, 306, 206)
  [521/800] 696: ok  shape=(326, 326, 223)
  [522/800] 7: ok  shape=(352, 352, 206)
  [523/800] 697: ok  shape=(326, 326, 247)
  [524/800] 698: ok  shape=(382, 382, 243)
  [525/800] 70: ok  shape=(326, 326, 275)
  [526/800] 700: ok  shape=(338, 338, 206)
  [527/800] 707: ok  shape=(384, 384, 206)
  [528/800] 708: ok  shape=(326, 326, 206)
  [529/800] 706: ok  shape=(338, 338, 275)
  [530/800] 703: ok  shape=(390, 390, 275)
  [531/800] 704: ok  shape=(392, 392, 275)
  [532/800] 705: ok  shape=(396, 396, 275)
  [533/800] 709: ok  shape=(382, 382, 275)
  [534/800] 71: ok  shape=(376, 376, 275)
  [535/800] 714: ok  shape=(350, 350, 206)
  [536/800] 710: ok  shape=(326, 326, 275)
  [537/800] 715: ok  shape=(372, 372, 229)
  [538/800] 716: ok  shape=(354, 354, 221)
  [539/800] 711: ok  shape=(372, 372, 275)
  [540/800] 713: ok  shape=(358, 358, 275)
  [541/800] 719: ok  shape=(326, 326, 233)
  [542/800] 718: ok  shape=(358, 358, 245)
  [543/800] 717: ok  shape=(380, 380, 275)
  [544/800] 720: ok  shape=(364, 364, 255)
  [545/800] 72: ok  shape=(390, 390, 275)
  [546/800] 722: ok  shape=(352, 352, 275)
  [547/800] 724: ok  shape=(340, 340, 275)
  [548/800] 721: ok  shape=(384, 384, 275)
  [549/800] 726: ok  shape=(326, 326, 166)
  [550/800] 727: ok  shape=(326, 326, 206)
  [551/800] 725: ok  shape=(350, 350, 275)
  [552/800] 73: ok  shape=(326, 326, 221)
  [553/800] 729: ok  shape=(352, 352, 221)
  [554/800] 730: ok  shape=(342, 342, 245)
  [555/800] 731: ok  shape=(366, 366, 275)
  [556/800] 734: ok  shape=(444, 444, 275)
  [557/800] 736: ok  shape=(338, 338, 275)
  [558/800] 735: ok  shape=(426, 426, 275)
  [559/800] 739: ok  shape=(360, 360, 227)
  [560/800] 737: ok  shape=(364, 364, 275)
  [561/800] 74: ok  shape=(364, 364, 229)
  [562/800] 738: ok  shape=(370, 370, 275)
  [563/800] 740: ok  shape=(350, 350, 275)
  [564/800] 744: ok  shape=(326, 326, 223)
  [565/800] 742: ok  shape=(326, 326, 229)
  [566/800] 743: ok  shape=(326, 326, 253)
  [567/800] 746: ok  shape=(376, 376, 275)
  [568/800] 748: ok  shape=(352, 352, 275)
  [569/800] 745: ok  shape=(410, 410, 275)
  [570/800] 747: ok  shape=(374, 374, 275)
  [571/800] 751: ok  shape=(354, 354, 229)
  [572/800] 749: ok  shape=(356, 356, 275)
  [573/800] 752: ok  shape=(326, 326, 275)
  [574/800] 75: ok  shape=(400, 400, 275)
  [575/800] 756: ok  shape=(326, 326, 206)
  [576/800] 754: ok  shape=(302, 302, 275)
  [577/800] 755: ok  shape=(344, 344, 275)
  [578/800] 757: ok  shape=(368, 368, 275)
  [579/800] 759: ok  shape=(326, 326, 275)
  [580/800] 758: ok  shape=(348, 348, 275)
  [581/800] 760: ok  shape=(336, 336, 275)
  [582/800] 761: ok  shape=(346, 346, 275)
  [583/800] 764: ok  shape=(326, 326, 206)
  [584/800] 762: ok  shape=(360, 360, 275)
  [585/800] 763: ok  shape=(356, 356, 275)
  [586/800] 765: ok  shape=(348, 348, 275)
  [587/800] 769: ok  shape=(326, 326, 206)
  [588/800] 766: ok  shape=(368, 368, 265)
  [589/800] 768: ok  shape=(356, 356, 275)
  [590/800] 772: ok  shape=(326, 326, 206)
  [591/800] 77: ok  shape=(380, 380, 261)
  [592/800] 770: ok  shape=(376, 376, 259)
  [593/800] 773: ok  shape=(346, 346, 275)
  [594/800] 774: ok  shape=(326, 326, 235)
  [595/800] 776: ok  shape=(326, 326, 206)
  [596/800] 775: ok  shape=(362, 362, 227)
  [597/800] 778: ok  shape=(340, 340, 253)
  [598/800] 777: ok  shape=(364, 364, 275)
  [599/800] 783: ok  shape=(316, 316, 206)
  [600/800] 786: ok  shape=(326, 326, 206)
  [601/800] 785: ok  shape=(326, 326, 225)
  [602/800] 780: ok  shape=(386, 386, 275)
  [603/800] 779: ok  shape=(396, 396, 275)
  [604/800] 781: ok  shape=(356, 356, 275)
  [605/800] 787: ok  shape=(326, 326, 241)
  [606/800] 789: ok  shape=(376, 376, 275)
  [607/800] 793: ok  shape=(348, 348, 206)
  [608/800] 790: ok  shape=(326, 326, 275)
  [609/800] 791: ok  shape=(326, 326, 275)
  [610/800] 79: ok  shape=(374, 374, 275)
  [611/800] 794: ok  shape=(394, 394, 225)
  [612/800] 795: ok  shape=(326, 326, 275)
  [613/800] 797: ok  shape=(326, 326, 275)
  [614/800] 8: ok  shape=(326, 326, 275)
  [615/800] 80: ok  shape=(326, 326, 275)
  [616/800] 799: ok  shape=(372, 372, 275)
  [617/800] 800: ok  shape=(374, 374, 239)
  [618/800] 801: ok  shape=(364, 364, 275)
  [619/800] 802: ok  shape=(360, 360, 263)
  [620/800] 803: ok  shape=(404, 404, 275)
  [621/800] 804: ok  shape=(370, 370, 249)
  [622/800] 805: ok  shape=(346, 346, 259)
  [623/800] 806: ok  shape=(348, 348, 275)
  [624/800] 811: ok  shape=(326, 326, 255)
  [625/800] 807: ok  shape=(400, 400, 275)
  [626/800] 810: ok  shape=(392, 392, 275)
  [627/800] 808: ok  shape=(424, 424, 275)
  [628/800] 813: ok  shape=(346, 346, 241)
  [629/800] 816: ok  shape=(326, 326, 206)
  [630/800] 812: ok  shape=(456, 456, 275)
  [631/800] 817: ok  shape=(352, 352, 275)
  [632/800] 814: ok  shape=(464, 464, 275)
  [633/800] 819: ok  shape=(382, 382, 245)
  [634/800] 820: ok  shape=(374, 374, 255)
  [635/800] 821: ok  shape=(408, 408, 275)
  [636/800] 818: ok  shape=(458, 458, 275)
  [637/800] 823: ok  shape=(336, 336, 275)
  [638/800] 822: ok  shape=(436, 436, 275)
  [639/800] 824: ok  shape=(338, 338, 275)
  [640/800] 825: ok  shape=(358, 358, 243)
  [641/800] 827: ok  shape=(344, 344, 275)
  [642/800] 826: ok  shape=(378, 378, 275)
  [643/800] 828: ok  shape=(354, 354, 206)
  [644/800] 830: ok  shape=(370, 370, 249)
  [645/800] 833: ok  shape=(326, 326, 206)
  [646/800] 831: ok  shape=(372, 372, 275)
  [647/800] 832: ok  shape=(360, 360, 275)
  [648/800] 836: ok  shape=(326, 326, 275)
  [649/800] 838: ok  shape=(326, 326, 275)
  [650/800] 837: ok  shape=(326, 326, 275)
  [651/800] 834: ok  shape=(402, 402, 267)
  [652/800] 84: ok  shape=(354, 354, 206)
  [653/800] 839: ok  shape=(348, 348, 275)
  [654/800] 840: ok  shape=(372, 372, 275)
  [655/800] 842: ok  shape=(358, 358, 275)
  [656/800] 846: ok  shape=(342, 342, 263)
  [657/800] 848: ok  shape=(352, 352, 200)
  [658/800] 845: ok  shape=(378, 378, 275)
  [659/800] 844: ok  shape=(414, 414, 275)
  [660/800] 847: ok  shape=(412, 412, 275)
  [661/800] 849: ok  shape=(346, 346, 275)
  [662/800] 851: ok  shape=(340, 340, 217)
  [663/800] 85: ok  shape=(326, 326, 275)
  [664/800] 854: ok  shape=(326, 326, 275)
  [665/800] 852: ok  shape=(386, 386, 275)
  [666/800] 853: ok  shape=(384, 384, 275)
  [667/800] 855: ok  shape=(388, 388, 275)
  [668/800] 857: ok  shape=(358, 358, 275)
  [669/800] 856: ok  shape=(434, 434, 275)
  [670/800] 858: ok  shape=(384, 384, 275)
  [671/800] 859: ok  shape=(370, 370, 275)
  [672/800] 860: ok  shape=(366, 366, 275)
  [673/800] 863: ok  shape=(370, 370, 275)
  [674/800] 864: ok  shape=(330, 330, 275)
  [675/800] 862: ok  shape=(408, 408, 275)
  [676/800] 867: ok  shape=(370, 370, 275)
  [677/800] 868: ok  shape=(360, 360, 275)
  [678/800] 87: ok  shape=(326, 326, 275)
  [679/800] 869: ok  shape=(370, 370, 275)
  [680/800] 871: ok  shape=(326, 326, 275)
  [681/800] 870: ok  shape=(356, 356, 275)
  [682/800] 875: ok  shape=(326, 326, 237)
  [683/800] 874: ok  shape=(372, 372, 253)
  [684/800] 873: ok  shape=(424, 424, 233)
  [685/800] 878: ok  shape=(326, 326, 275)
  [686/800] 877: ok  shape=(348, 348, 275)
  [687/800] 876: ok  shape=(376, 376, 275)
  [688/800] 88: ok  shape=(326, 326, 243)
  [689/800] 879: ok  shape=(386, 386, 275)
  [690/800] 881: ok  shape=(358, 358, 275)
  [691/800] 884: ok  shape=(326, 326, 206)
  [692/800] 882: ok  shape=(384, 384, 259)
  [693/800] 883: ok  shape=(354, 354, 275)
  [694/800] 886: ok  shape=(326, 326, 275)
  [695/800] 885: ok  shape=(382, 382, 275)
  [696/800] 889: ok  shape=(332, 332, 275)
  [697/800] 890: ok  shape=(326, 326, 231)
  [698/800] 89: ok  shape=(338, 338, 275)
  [699/800] 891: ok  shape=(326, 326, 275)
  [700/800] 892: ok  shape=(338, 338, 275)
  [701/800] 895: ok  shape=(326, 326, 206)
  [702/800] 893: ok  shape=(414, 414, 275)
  [703/800] 894: ok  shape=(374, 374, 275)
  [704/800] 897: ok  shape=(326, 326, 275)
  [705/800] 900: ok  shape=(326, 326, 206)
  [706/800] 898: ok  shape=(354, 354, 275)
  [707/800] 899: ok  shape=(368, 368, 229)
  [708/800] 9: ok  shape=(400, 400, 275)
  [709/800] 904: ok  shape=(354, 354, 209)
  [710/800] 901: ok  shape=(374, 374, 275)
  [711/800] 902: ok  shape=(368, 368, 275)
  [712/800] 907: ok  shape=(326, 326, 206)
  [713/800] 905: ok  shape=(410, 410, 275)
  [714/800] 908: ok  shape=(358, 358, 275)
  [715/800] 909: ok  shape=(342, 342, 275)
  [716/800] 91: ok  shape=(370, 370, 275)
  [717/800] 913: ok  shape=(382, 382, 209)
  [718/800] 910: ok  shape=(350, 350, 275)
  [719/800] 912: ok  shape=(358, 358, 275)
  [720/800] 911: ok  shape=(372, 372, 275)
  [721/800] 914: ok  shape=(326, 326, 275)
  [722/800] 915: ok  shape=(348, 348, 275)
  [723/800] 916: ok  shape=(360, 360, 275)
  [724/800] 919: ok  shape=(326, 326, 221)
  [725/800] 92: ok  shape=(326, 326, 275)
  [726/800] 921: ok  shape=(386, 386, 219)
  [727/800] 917: ok  shape=(386, 386, 275)
  [728/800] 920: ok  shape=(370, 370, 275)
  [729/800] 924: ok  shape=(326, 326, 275)
  [730/800] 923: ok  shape=(370, 370, 275)
  [731/800] 925: ok  shape=(378, 378, 275)
  [732/800] 926: ok  shape=(354, 354, 275)
  [733/800] 929: ok  shape=(360, 360, 231)
  [734/800] 927: ok  shape=(362, 362, 275)
  [735/800] 930: ok  shape=(348, 348, 253)
  [736/800] 928: ok  shape=(398, 398, 253)
  [737/800] 932: ok  shape=(326, 326, 221)
  [738/800] 933: ok  shape=(354, 354, 255)
  [739/800] 934: ok  shape=(344, 344, 275)
  [740/800] 936: ok  shape=(370, 370, 221)
  [741/800] 935: ok  shape=(392, 392, 275)
  [742/800] 937: ok  shape=(356, 356, 275)
  [743/800] 94: ok  shape=(370, 370, 249)
  [744/800] 940: ok  shape=(326, 326, 231)
  [745/800] 939: ok  shape=(384, 384, 275)
  [746/800] 938: ok  shape=(412, 412, 275)
  [747/800] 941: ok  shape=(326, 326, 275)
  [748/800] 942: ok  shape=(362, 362, 275)
  [749/800] 944: ok  shape=(384, 384, 275)
  [750/800] 947: ok  shape=(378, 378, 239)
  [751/800] 95: ok  shape=(350, 350, 275)
  [752/800] 949: ok  shape=(374, 374, 275)
  [753/800] 945: ok  shape=(430, 430, 275)
  [754/800] 950: ok  shape=(358, 358, 275)
  [755/800] 951: ok  shape=(352, 352, 275)
  [756/800] 953: ok  shape=(326, 326, 223)
  [757/800] 952: ok  shape=(346, 346, 239)
  [758/800] 954: ok  shape=(326, 326, 206)
  [759/800] 956: ok  shape=(326, 326, 221)
  [760/800] 957: ok  shape=(350, 350, 231)
  [761/800] 955: ok  shape=(326, 326, 275)
  [762/800] 958: ok  shape=(356, 356, 229)
  [763/800] 96: ok  shape=(326, 326, 247)
  [764/800] 961: ok  shape=(366, 366, 206)
  [765/800] 959: ok  shape=(384, 384, 275)
  [766/800] 960: ok  shape=(416, 416, 275)
  [767/800] 963: ok  shape=(388, 388, 235)
  [768/800] 966: ok  shape=(338, 338, 275)
  [769/800] 964: ok  shape=(400, 400, 275)
  [770/800] 965: ok  shape=(396, 396, 275)
  [771/800] 970: ok  shape=(370, 370, 206)
  [772/800] 969: ok  shape=(348, 348, 239)
  [773/800] 967: ok  shape=(370, 370, 275)
  [774/800] 972: ok  shape=(326, 326, 275)
  [775/800] 971: ok  shape=(372, 372, 275)
  [776/800] 973: ok  shape=(366, 366, 275)
  [777/800] 976: ok  shape=(350, 350, 261)
  [778/800] 974: ok  shape=(378, 378, 275)
  [779/800] 979: ok  shape=(358, 358, 227)
  [780/800] 977: ok  shape=(370, 370, 275)
  [781/800] 975: ok  shape=(422, 422, 275)
  [782/800] 98: ok  shape=(346, 346, 263)
  [783/800] 982: ok  shape=(330, 330, 206)
  [784/800] 980: ok  shape=(366, 366, 233)
  [785/800] 983: ok  shape=(326, 326, 275)
  [786/800] 987: ok  shape=(326, 326, 275)
  [787/800] 986: ok  shape=(430, 430, 239)
  [788/800] 985: ok  shape=(428, 428, 259)
  [789/800] 984: ok  shape=(460, 460, 275)
  [790/800] 989: ok  shape=(326, 326, 275)
  [791/800] 988: ok  shape=(370, 370, 275)
  [792/800] 99: ok  shape=(404, 404, 275)
  [793/800] 991: ok  shape=(390, 390, 206)
  [794/800] 990: ok  shape=(370, 370, 275)
  [795/800] 992: ok  shape=(326, 326, 275)
  [796/800] 997: ok  shape=(326, 326, 206)
  [797/800] 996: ok  shape=(370, 370, 206)
  [798/800] 993: ok  shape=(370, 370, 275)
  [799/800] 998: ok  shape=(326, 326, 245)
  [800/800] 995: ok  shape=(394, 394, 275)

[offline_resample] done in 269.6s  ok=800  failed=0  skipped=0

------------------------------------------------------------
Sender: LSF System <lsfadmin@hpc.dtu.dk>
Subject: Job 29584058: <resample_cache> in cluster <dcc> Done

Job <resample_cache> was submitted from host <hpclogin1> by user <s254124> in cluster <dcc> at Sun Oct  4 15:20:14 2026
Job was executed on host(s) <8*n-62-31-8>, in queue <hpc>, as user <s254124> in cluster <dcc> at Sun Oct  4 15:20:14 2026
</zhome/e2/6/224426> was used as the home directory.
</zhome/e2/6/224426/project/ImageCAS-X> was used as the working directory.
Started at Sun Oct  4 15:20:14 2026
Terminated at Sun Oct  4 15:24:46 2026
Results reported at Sun Oct  4 15:24:46 2026

Your job looked like:

------------------------------------------------------------
# LSBATCH: User input
#!/bin/sh

#BSUB -q hpc
#BSUB -J resample_cache
#BSUB -n 8
#BSUB -R "span[hosts=1]"
#BSUB -R "rusage[mem=6GB]"
#BSUB -W 24:00
#BSUB -o logs/resample_cache_%J.out
#BSUB -e logs/resample_cache_%J.err

# Build the shared 0.5 mm isotropic cache (volumes_resampled/ + segmentations_resampled/, 800
# scans, ~128 GB) that every config's dataloader reads. CPU only; run once, then resubmit
# jobs/infer_eval_cas_net.sh.
#   bsub < jobs/resample_cache.sh
# Writes into $ImageCAS_X_data_path. Without --overwrite, existing files are skipped, so a
# killed job can simply be resubmitted.

source env.sh
python -m utils.offline_resample_images_to_disk -c configs/cas_net.json --workers 8

------------------------------------------------------------

Successfully completed.

Resource usage summary:

    CPU time :                                   2095.29 sec.
    Max Memory :                                 4880 MB
    Average Memory :                             4129.00 MB
    Total Requested Memory :                     49152.00 MB
    Delta Memory :                               44272.00 MB
    Max Swap :                                   -
    Max Processes :                              12
    Max Threads :                                15
    Run time :                                   272 sec.
    Turnaround time :                            272 sec.

The output (if any) is above this job summary.



PS:

Read file <logs/resample_cache_29584058.err> for stderr output of this job.

